
> test-example@0.1.0 build
> next build

Γû▓ Next.js 16.1.1 (Turbopack)
- Environments: .env
- Experiments (use with caution):
  ┬╖ serverActions

node.exe : ΓÜá The "middleware" file convention is deprecated. 
Please use "proxy" instead. Learn more: 
https://nextjs.org/docs/messages/middleware-to-proxy
At C:\Users\sujal\AppData\Roaming\npm\npm.ps1:24 char:5
+     & "node$exe"  "$basedir/node_modules/npm/bin/npm-cli.js" $args
+     ~~~~~~~~~~~~~~~~~~~~~~~~~~~~~~~~~~~~~~~~~~~~~~~~~~~~~~~~~~~~~~
    + CategoryInfo          : NotSpecified: (ΓÜá The "middle...lewa 
   re-to-proxy:String) [], RemoteException
    + FullyQualifiedErrorId : NativeCommandError
 
  Creating an optimized production build ...

> Build error occurred
Error: Turbopack build failed with 11 errors:
./src/app/api/mock-drives/session/interview/submit/route.ts:184:59
Parsing ecmascript source code failed
[0m [90m 182 |[39m                 })[33m;[39m
 [90m 183 |[39m
[31m[1m>[22m[39m[90m 184 |[39m                 
[36mreturn[39m [33mNextResponse[39m[33m.[39mjson({ 
question[33m:[39m [36mnull[39m [33m...[39mfinalResult 
})[33m;[39m
 [90m     |[39m                                                   
        [31m[1m^[22m[39m[31m[1m^[22m[39m[31m[1m^[22m[39m
 [90m 185 |[39m             }
 [90m 186 |[39m
 [90m 187 |[39m             [90m// Generate NEXT 
Question[39m[0m

Expected ',', got '...'


./src/app/api/migrate/route.ts:2:1
Module not found: Can't resolve '@/lib/prisma'
[0m [90m 1 |[39m [36mimport[39m { 
[33mNextRequest[39m[33m,[39m [33mNextResponse[39m } 
[36mfrom[39m [32m'next/server'[39m[33m;[39m
[31m[1m>[22m[39m[90m 2 |[39m [36mimport[39m { prisma } 
[36mfrom[39m [32m'@/lib/prisma'[39m[33m;[39m
 [90m   |[39m [31m[1m^[22m[39m[31m[1m^[22m[39m[31m[1m^[
22m[39m[31m[1m^[22m[39m[31m[1m^[22m[39m[31m[1m^[22m[39m
[31m[1m^[22m[39m[31m[1m^[22m[39m[31m[1m^[22m[39m[31m[1
m^[22m[39m[31m[1m^[22m[39m[31m[1m^[22m[39m[31m[1m^[22m
[39m[31m[1m^[22m[39m[31m[1m^[22m[39m[31m[1m^[22m[39m[31
m[1m^[22m[39m[31m[1m^[22m[39m[31m[1m^[22m[39m[31m[1m^[
22m[39m[31m[1m^[22m[39m[31m[1m^[22m[39m[31m[1m^[22m[39m
[31m[1m^[22m[39m[31m[1m^[22m[39m[31m[1m^[22m[39m[31m[1
m^[22m[39m[31m[1m^[22m[39m[31m[1m^[22m[39m[31m[1m^[22m
[39m[31m[1m^[22m[39m[31m[1m^[22m[39m[31m[1m^[22m[39m[31
m[1m^[22m[39m[31m[1m^[22m[39m[31m[1m^[22m[39m[31m[1m^[
22m[39m[31m[1m^[22m[39m
 [90m 3 |[39m [36mimport[39m { adminDb } [36mfrom[39m 
[32m'@/lib/firebase-config'[39m[33m;[39m
 [90m 4 |[39m [36mimport[39m [33m*[39m [36mas[39m admin 
[36mfrom[39m [32m'firebase-admin'[39m[33m;[39m
 [90m 5 |[39m[0m

Import map: aliased to relative './src/lib/prisma' inside of 
[project]/


https://nextjs.org/docs/messages/module-not-found


./node_modules/recharts/es6/util/ReactUtils.js:3:1
Module not found: Can't resolve 'react-is'
[0m [90m 1 |[39m [36mimport[39m [36mget[39m [36mfrom[39m 
[32m'es-toolkit/compat/get'[39m[33m;[39m
 [90m 2 |[39m [36mimport[39m { [33mChildren[39m } 
[36mfrom[39m [32m'react'[39m[33m;[39m
[31m[1m>[22m[39m[90m 3 |[39m [36mimport[39m { isFragment } 
[36mfrom[39m [32m'react-is'[39m[33m;[39m
 [90m   |[39m [31m[1m^[22m[39m[31m[1m^[22m[39m[31m[1m^[
22m[39m[31m[1m^[22m[39m[31m[1m^[22m[39m[31m[1m^[22m[39m
[31m[1m^[22m[39m[31m[1m^[22m[39m[31m[1m^[22m[39m[31m[1
m^[22m[39m[31m[1m^[22m[39m[31m[1m^[22m[39m[31m[1m^[22m
[39m[31m[1m^[22m[39m[31m[1m^[22m[39m[31m[1m^[22m[39m[31
m[1m^[22m[39m[31m[1m^[22m[39m[31m[1m^[22m[39m[31m[1m^[
22m[39m[31m[1m^[22m[39m[31m[1m^[22m[39m[31m[1m^[22m[39m
[31m[1m^[22m[39m[31m[1m^[22m[39m[31m[1m^[22m[39m[31m[1
m^[22m[39m[31m[1m^[22m[39m[31m[1m^[22m[39m[31m[1m^[22m
[39m[31m[1m^[22m[39m[31m[1m^[22m[39m[31m[1m^[22m[39m[31
m[1m^[22m[39m[31m[1m^[22m[39m[31m[1m^[22m[39m[31m[1m^[
22m[39m[31m[1m^[22m[39m
 [90m 4 |[39m [36mimport[39m { isNullish } [36mfrom[39m 
[32m'./DataUtils'[39m[33m;[39m
 [90m 5 |[39m [36mexport[39m [36mvar[39m 
[33mSCALE_TYPES[39m [33m=[39m [[32m'auto'[39m[33m,[39m 
[32m'linear'[39m[33m,[39m [32m'pow'[39m[33m,[39m 
[32m'sqrt'[39m[33m,[39m [32m'log'[39m[33m,[39m 
[32m'identity'[39m[33m,[39m [32m'time'[39m[33m,[39m 
[32m'band'[39m[33m,[39m [32m'point'[39m[33m,[39m 
[32m'ordinal'[39m[33m,[39m [32m'quantile'[39m[33m,[39m 
[32m'quantize'[39m[33m,[39m [32m'utc'[39m[33m,[39m 
[32m'sequential'[39m[33m,[39m [32m'threshold'[39m][33m;[39m
 [90m 6 |[39m[0m



Import traces:
  Client Component Browser:
    ./node_modules/recharts/es6/util/ReactUtils.js [Client 
Component Browser]
    ./node_modules/recharts/es6/polar/Pie.js [Client Component 
Browser]
    
./src/app/(dashboard)/dashboard/interview-suite/analytics/page.tsx 
[Client Component Browser]
    
./src/app/(dashboard)/dashboard/interview-suite/analytics/page.tsx 
[Server Component]

  Client Component SSR:
    ./node_modules/recharts/es6/util/ReactUtils.js [Client 
Component SSR]
    ./node_modules/recharts/es6/polar/Pie.js [Client Component SSR]
    
./src/app/(dashboard)/dashboard/interview-suite/analytics/page.tsx 
[Client Component SSR]
    
./src/app/(dashboard)/dashboard/interview-suite/analytics/page.tsx 
[Server Component]

https://nextjs.org/docs/messages/module-not-found


./src/app/(tcs)/tcs-portal/mock-drive/intro/page.tsx:9:1
Export createMockDrive doesn't exist in target module
[0m [90m  7 |[39m [36mimport[39m { [33mBadge[39m } 
[36mfrom[39m [32m"@/components/ui/badge"[39m[33m;[39m
 [90m  8 |[39m [36mimport[39m { 
[33mCheckCircle2[39m[33m,[39m [33mClock[39m[33m,[39m 
[33mPlay[39m[33m,[39m [33mZap[39m[33m,[39m 
[33mBrainCircuit[39m[33m,[39m [33mUserCircle2[39m[33m,[39m 
[33mChevronRight[39m[33m,[39m [33mLockOpen[39m[33m,[39m 
[33mSparkles[39m } [36mfrom[39m 
[32m"lucide-react"[39m[33m;[39m
[31m[1m>[22m[39m[90m  9 |[39m [36mimport[39m { 
createMockDrive[33m,[39m getMockDriveStatus } [36mfrom[39m 
[32m"@/app/actions/mock-drive"[39m[33m;[39m
 [90m    |[39m [31m[1m^[22m[39m[31m[1m^[22m[39m[31m[1m^
[22m[39m[31m[1m^[22m[39m[31m[1m^[22m[39m[31m[1m^[22m[39
m[31m[1m^[22m[39m[31m[1m^[22m[39m[31m[1m^[22m[39m[31m[
1m^[22m[39m[31m[1m^[22m[39m[31m[1m^[22m[39m[31m[1m^[22m
[39m[31m[1m^[22m[39m[31m[1m^[22m[39m[31m[1m^[22m[39m[3
1m[1m^[22m[39m[31m[1m^[22m[39m[31m[1m^[22m[39m[31m[1m^
[22m[39m[31m[1m^[22m[39m[31m[1m^[22m[39m[31m[1m^[22m[39
m[31m[1m^[22m[39m[31m[1m^[22m[39m[31m[1m^[22m[39m[31m[
1m^[22m[39m[31m[1m^[22m[39m[31m[1m^[22m[39m[31m[1m^[22m
[39m[31m[1m^[22m[39m[31m[1m^[22m[39m[31m[1m^[22m[39m[3
1m[1m^[22m[39m[31m[1m^[22m[39m[31m[1m^[22m[39m[31m[1m^
[22m[39m[31m[1m^[22m[39m[31m[1m^[22m[39m[31m[1m^[22m[39
m[31m[1m^[22m[39m[31m[1m^[22m[39m[31m[1m^[22m[39m[31m[
1m^[22m[39m[31m[1m^[22m[39m[31m[1m^[22m[39m[31m[1m^[22m
[39m[31m[1m^[22m[39m[31m[1m^[22m[39m[31m[1m^[22m[39m[3
1m[1m^[22m[39m[31m[1m^[22m[39m[31m[1m^[22m[39m[31m[1m^
[22m[39m[31m[1m^[22m[39m[31m[1m^[22m[39m[31m[1m^[22m[39
m[31m[1m^[22m[39m[31m[1m^[22m[39m[31m[1m^[22m[39m[31m[
1m^[22m[39m[31m[1m^[22m[39m[31m[1m^[22m[39m[31m[1m^[22m
[39m[31m[1m^[22m[39m[31m[1m^[22m[39m[31m[1m^[22m[39m[3
1m[1m^[22m[39m[31m[1m^[22m[39m[31m[1m^[22m[39m[31m[1m^
[22m[39m[31m[1m^[22m[39m[31m[1m^[22m[39m[31m[1m^[22m[39
m[31m[1m^[22m[39m[31m[1m^[22m[39m[31m[1m^[22m[39m[31m[
1m^[22m[39m[31m[1m^[22m[39m
 [90m 10 |[39m [36mimport[39m { toast } [36mfrom[39m 
[32m"sonner"[39m[33m;[39m
 [90m 11 |[39m [36mimport[39m { motion } [36mfrom[39m 
[32m"framer-motion"[39m[33m;[39m
 [90m 12 |[39m [36mimport[39m { useSession } [36mfrom[39m 
[32m"next-auth/react"[39m[33m;[39m[0m

The export createMockDrive was not found in module 
[project]/src/app/actions/mock-drive.ts [app-client] (ecmascript).
Did you mean to import completeMockSession?
All exports of the module are statically known (It doesn't have 
dynamic exports). So it's known statically that the requested 
export doesn't exist.

Import traces:
  Client Component Browser:
    ./src/app/(tcs)/tcs-portal/mock-drive/intro/page.tsx [Client 
Component Browser]
    ./src/app/(tcs)/tcs-portal/mock-drive/intro/page.tsx [Server 
Component]

  Client Component SSR:
    ./src/app/(tcs)/tcs-portal/mock-drive/intro/page.tsx [Client 
Component SSR]
    ./src/app/(tcs)/tcs-portal/mock-drive/intro/page.tsx [Server 
Component]


./src/app/(tcs)/tcs-portal/mock-drive/intro/page.tsx:9:1
Export createMockDrive doesn't exist in target module
[0m [90m  7 |[39m [36mimport[39m { [33mBadge[39m } 
[36mfrom[39m [32m"@/components/ui/badge"[39m[33m;[39m
 [90m  8 |[39m [36mimport[39m { 
[33mCheckCircle2[39m[33m,[39m [33mClock[39m[33m,[39m 
[33mPlay[39m[33m,[39m [33mZap[39m[33m,[39m 
[33mBrainCircuit[39m[33m,[39m [33mUserCircle2[39m[33m,[39m 
[33mChevronRight[39m[33m,[39m [33mLockOpen[39m[33m,[39m 
[33mSparkles[39m } [36mfrom[39m 
[32m"lucide-react"[39m[33m;[39m
[31m[1m>[22m[39m[90m  9 |[39m [36mimport[39m { 
createMockDrive[33m,[39m getMockDriveStatus } [36mfrom[39m 
[32m"@/app/actions/mock-drive"[39m[33m;[39m
 [90m    |[39m [31m[1m^[22m[39m[31m[1m^[22m[39m[31m[1m^
[22m[39m[31m[1m^[22m[39m[31m[1m^[22m[39m[31m[1m^[22m[39
m[31m[1m^[22m[39m[31m[1m^[22m[39m[31m[1m^[22m[39m[31m[
1m^[22m[39m[31m[1m^[22m[39m[31m[1m^[22m[39m[31m[1m^[22m
[39m[31m[1m^[22m[39m[31m[1m^[22m[39m[31m[1m^[22m[39m[3
1m[1m^[22m[39m[31m[1m^[22m[39m[31m[1m^[22m[39m[31m[1m^
[22m[39m[31m[1m^[22m[39m[31m[1m^[22m[39m[31m[1m^[22m[39
m[31m[1m^[22m[39m[31m[1m^[22m[39m[31m[1m^[22m[39m[31m[
1m^[22m[39m[31m[1m^[22m[39m[31m[1m^[22m[39m[31m[1m^[22m
[39m[31m[1m^[22m[39m[31m[1m^[22m[39m[31m[1m^[22m[39m[3
1m[1m^[22m[39m[31m[1m^[22m[39m[31m[1m^[22m[39m[31m[1m^
[22m[39m[31m[1m^[22m[39m[31m[1m^[22m[39m[31m[1m^[22m[39
m[31m[1m^[22m[39m[31m[1m^[22m[39m[31m[1m^[22m[39m[31m[
1m^[22m[39m[31m[1m^[22m[39m[31m[1m^[22m[39m[31m[1m^[22m
[39m[31m[1m^[22m[39m[31m[1m^[22m[39m[31m[1m^[22m[39m[3
1m[1m^[22m[39m[31m[1m^[22m[39m[31m[1m^[22m[39m[31m[1m^
[22m[39m[31m[1m^[22m[39m[31m[1m^[22m[39m[31m[1m^[22m[39
m[31m[1m^[22m[39m[31m[1m^[22m[39m[31m[1m^[22m[39m[31m[
1m^[22m[39m[31m[1m^[22m[39m[31m[1m^[22m[39m[31m[1m^[22m
[39m[31m[1m^[22m[39m[31m[1m^[22m[39m[31m[1m^[22m[39m[3
1m[1m^[22m[39m[31m[1m^[22m[39m[31m[1m^[22m[39m[31m[1m^
[22m[39m[31m[1m^[22m[39m[31m[1m^[22m[39m[31m[1m^[22m[39
m[31m[1m^[22m[39m[31m[1m^[22m[39m[31m[1m^[22m[39m[31m[
1m^[22m[39m[31m[1m^[22m[39m
 [90m 10 |[39m [36mimport[39m { toast } [36mfrom[39m 
[32m"sonner"[39m[33m;[39m
 [90m 11 |[39m [36mimport[39m { motion } [36mfrom[39m 
[32m"framer-motion"[39m[33m;[39m
 [90m 12 |[39m [36mimport[39m { useSession } [36mfrom[39m 
[32m"next-auth/react"[39m[33m;[39m[0m

The export createMockDrive was not found in module 
[project]/src/app/actions/mock-drive.ts [app-ssr] (ecmascript).
Did you mean to import completeMockSession?
All exports of the module are statically known (It doesn't have 
dynamic exports). So it's known statically that the requested 
export doesn't exist.

Import traces:
  Client Component Browser:
    ./src/app/(tcs)/tcs-portal/mock-drive/intro/page.tsx [Client 
Component Browser]
    ./src/app/(tcs)/tcs-portal/mock-drive/intro/page.tsx [Server 
Component]

  Client Component SSR:
    ./src/app/(tcs)/tcs-portal/mock-drive/intro/page.tsx [Client 
Component SSR]
    ./src/app/(tcs)/tcs-portal/mock-drive/intro/page.tsx [Server 
Component]


./src/app/(wipro)/wipro-portal/mock-drive/intro/page.tsx:10:1
Export createMockDrive doesn't exist in target module
[0m [90m  8 |[39m [36mimport[39m { 
[33mCheckCircle2[39m[33m,[39m 
[33mAlertTriangle[39m[33m,[39m [33mArrowRight[39m[33m,[39m 
[33mPlay[39m[33m,[39m [33mCpu[39m[33m,[39m 
[33mCode[39m[33m,[39m [33mMessageSquare[39m } [36mfrom[39m 
[32m"lucide-react"[39m[33m;[39m
 [90m  9 |[39m [36mimport[39m { [33mSpinner[39m } 
[36mfrom[39m [32m"@/components/ui/loader"[39m[33m;[39m
[31m[1m>[22m[39m[90m 10 |[39m [36mimport[39m { 
createMockDrive } [36mfrom[39m 
[32m"@/app/actions/mock-drive"[39m[33m;[39m
 [90m    |[39m [31m[1m^[22m[39m[31m[1m^[22m[39m[31m[1m^
[22m[39m[31m[1m^[22m[39m[31m[1m^[22m[39m[31m[1m^[22m[39
m[31m[1m^[22m[39m[31m[1m^[22m[39m[31m[1m^[22m[39m[31m[
1m^[22m[39m[31m[1m^[22m[39m[31m[1m^[22m[39m[31m[1m^[22m
[39m[31m[1m^[22m[39m[31m[1m^[22m[39m[31m[1m^[22m[39m[3
1m[1m^[22m[39m[31m[1m^[22m[39m[31m[1m^[22m[39m[31m[1m^
[22m[39m[31m[1m^[22m[39m[31m[1m^[22m[39m[31m[1m^[22m[39
m[31m[1m^[22m[39m[31m[1m^[22m[39m[31m[1m^[22m[39m[31m[
1m^[22m[39m[31m[1m^[22m[39m[31m[1m^[22m[39m[31m[1m^[22m
[39m[31m[1m^[22m[39m[31m[1m^[22m[39m[31m[1m^[22m[39m[3
1m[1m^[22m[39m[31m[1m^[22m[39m[31m[1m^[22m[39m[31m[1m^
[22m[39m[31m[1m^[22m[39m[31m[1m^[22m[39m[31m[1m^[22m[39
m[31m[1m^[22m[39m[31m[1m^[22m[39m[31m[1m^[22m[39m[31m[
1m^[22m[39m[31m[1m^[22m[39m[31m[1m^[22m[39m[31m[1m^[22m
[39m[31m[1m^[22m[39m[31m[1m^[22m[39m[31m[1m^[22m[39m[3
1m[1m^[22m[39m[31m[1m^[22m[39m[31m[1m^[22m[39m[31m[1m^
[22m[39m[31m[1m^[22m[39m[31m[1m^[22m[39m[31m[1m^[22m[39
m[31m[1m^[22m[39m[31m[1m^[22m[39m
 [90m 11 |[39m [36mimport[39m { toast } [36mfrom[39m 
[32m"sonner"[39m[33m;[39m
 [90m 12 |[39m
 [90m 13 |[39m [36mexport[39m [36mdefault[39m 
[36mfunction[39m [33mWiproMockDriveIntro[39m() {[0m

The export createMockDrive was not found in module 
[project]/src/app/actions/mock-drive.ts [app-client] (ecmascript).
Did you mean to import completeMockSession?
All exports of the module are statically known (It doesn't have 
dynamic exports). So it's known statically that the requested 
export doesn't exist.

Import traces:
  Client Component Browser:
    ./src/app/(wipro)/wipro-portal/mock-drive/intro/page.tsx 
[Client Component Browser]
    ./src/app/(wipro)/wipro-portal/mock-drive/intro/page.tsx 
[Server Component]

  Client Component SSR:
    ./src/app/(wipro)/wipro-portal/mock-drive/intro/page.tsx 
[Client Component SSR]
    ./src/app/(wipro)/wipro-portal/mock-drive/intro/page.tsx 
[Server Component]


./src/app/(wipro)/wipro-portal/mock-drive/intro/page.tsx:10:1
Export createMockDrive doesn't exist in target module
[0m [90m  8 |[39m [36mimport[39m { 
[33mCheckCircle2[39m[33m,[39m 
[33mAlertTriangle[39m[33m,[39m [33mArrowRight[39m[33m,[39m 
[33mPlay[39m[33m,[39m [33mCpu[39m[33m,[39m 
[33mCode[39m[33m,[39m [33mMessageSquare[39m } [36mfrom[39m 
[32m"lucide-react"[39m[33m;[39m
 [90m  9 |[39m [36mimport[39m { [33mSpinner[39m } 
[36mfrom[39m [32m"@/components/ui/loader"[39m[33m;[39m
[31m[1m>[22m[39m[90m 10 |[39m [36mimport[39m { 
createMockDrive } [36mfrom[39m 
[32m"@/app/actions/mock-drive"[39m[33m;[39m
 [90m    |[39m [31m[1m^[22m[39m[31m[1m^[22m[39m[31m[1m^
[22m[39m[31m[1m^[22m[39m[31m[1m^[22m[39m[31m[1m^[22m[39
m[31m[1m^[22m[39m[31m[1m^[22m[39m[31m[1m^[22m[39m[31m[
1m^[22m[39m[31m[1m^[22m[39m[31m[1m^[22m[39m[31m[1m^[22m
[39m[31m[1m^[22m[39m[31m[1m^[22m[39m[31m[1m^[22m[39m[3
1m[1m^[22m[39m[31m[1m^[22m[39m[31m[1m^[22m[39m[31m[1m^
[22m[39m[31m[1m^[22m[39m[31m[1m^[22m[39m[31m[1m^[22m[39
m[31m[1m^[22m[39m[31m[1m^[22m[39m[31m[1m^[22m[39m[31m[
1m^[22m[39m[31m[1m^[22m[39m[31m[1m^[22m[39m[31m[1m^[22m
[39m[31m[1m^[22m[39m[31m[1m^[22m[39m[31m[1m^[22m[39m[3
1m[1m^[22m[39m[31m[1m^[22m[39m[31m[1m^[22m[39m[31m[1m^
[22m[39m[31m[1m^[22m[39m[31m[1m^[22m[39m[31m[1m^[22m[39
m[31m[1m^[22m[39m[31m[1m^[22m[39m[31m[1m^[22m[39m[31m[
1m^[22m[39m[31m[1m^[22m[39m[31m[1m^[22m[39m[31m[1m^[22m
[39m[31m[1m^[22m[39m[31m[1m^[22m[39m[31m[1m^[22m[39m[3
1m[1m^[22m[39m[31m[1m^[22m[39m[31m[1m^[22m[39m[31m[1m^
[22m[39m[31m[1m^[22m[39m[31m[1m^[22m[39m[31m[1m^[22m[39
m[31m[1m^[22m[39m[31m[1m^[22m[39m
 [90m 11 |[39m [36mimport[39m { toast } [36mfrom[39m 
[32m"sonner"[39m[33m;[39m
 [90m 12 |[39m
 [90m 13 |[39m [36mexport[39m [36mdefault[39m 
[36mfunction[39m [33mWiproMockDriveIntro[39m() {[0m

The export createMockDrive was not found in module 
[project]/src/app/actions/mock-drive.ts [app-ssr] (ecmascript).
Did you mean to import completeMockSession?
All exports of the module are statically known (It doesn't have 
dynamic exports). So it's known statically that the requested 
export doesn't exist.

Import traces:
  Client Component Browser:
    ./src/app/(wipro)/wipro-portal/mock-drive/intro/page.tsx 
[Client Component Browser]
    ./src/app/(wipro)/wipro-portal/mock-drive/intro/page.tsx 
[Server Component]

  Client Component SSR:
    ./src/app/(wipro)/wipro-portal/mock-drive/intro/page.tsx 
[Client Component SSR]
    ./src/app/(wipro)/wipro-portal/mock-drive/intro/page.tsx 
[Server Component]


./src/app/(tcs)/tcs-portal/mock-drive/intro/page.tsx:9:1
Export getMockDriveStatus doesn't exist in target module
[0m [90m  7 |[39m [36mimport[39m { [33mBadge[39m } 
[36mfrom[39m [32m"@/components/ui/badge"[39m[33m;[39m
 [90m  8 |[39m [36mimport[39m { 
[33mCheckCircle2[39m[33m,[39m [33mClock[39m[33m,[39m 
[33mPlay[39m[33m,[39m [33mZap[39m[33m,[39m 
[33mBrainCircuit[39m[33m,[39m [33mUserCircle2[39m[33m,[39m 
[33mChevronRight[39m[33m,[39m [33mLockOpen[39m[33m,[39m 
[33mSparkles[39m } [36mfrom[39m 
[32m"lucide-react"[39m[33m;[39m
[31m[1m>[22m[39m[90m  9 |[39m [36mimport[39m { 
createMockDrive[33m,[39m getMockDriveStatus } [36mfrom[39m 
[32m"@/app/actions/mock-drive"[39m[33m;[39m
 [90m    |[39m [31m[1m^[22m[39m[31m[1m^[22m[39m[31m[1m^
[22m[39m[31m[1m^[22m[39m[31m[1m^[22m[39m[31m[1m^[22m[39
m[31m[1m^[22m[39m[31m[1m^[22m[39m[31m[1m^[22m[39m[31m[
1m^[22m[39m[31m[1m^[22m[39m[31m[1m^[22m[39m[31m[1m^[22m
[39m[31m[1m^[22m[39m[31m[1m^[22m[39m[31m[1m^[22m[39m[3
1m[1m^[22m[39m[31m[1m^[22m[39m[31m[1m^[22m[39m[31m[1m^
[22m[39m[31m[1m^[22m[39m[31m[1m^[22m[39m[31m[1m^[22m[39
m[31m[1m^[22m[39m[31m[1m^[22m[39m[31m[1m^[22m[39m[31m[
1m^[22m[39m[31m[1m^[22m[39m[31m[1m^[22m[39m[31m[1m^[22m
[39m[31m[1m^[22m[39m[31m[1m^[22m[39m[31m[1m^[22m[39m[3
1m[1m^[22m[39m[31m[1m^[22m[39m[31m[1m^[22m[39m[31m[1m^
[22m[39m[31m[1m^[22m[39m[31m[1m^[22m[39m[31m[1m^[22m[39
m[31m[1m^[22m[39m[31m[1m^[22m[39m[31m[1m^[22m[39m[31m[
1m^[22m[39m[31m[1m^[22m[39m[31m[1m^[22m[39m[31m[1m^[22m
[39m[31m[1m^[22m[39m[31m[1m^[22m[39m[31m[1m^[22m[39m[3
1m[1m^[22m[39m[31m[1m^[22m[39m[31m[1m^[22m[39m[31m[1m^
[22m[39m[31m[1m^[22m[39m[31m[1m^[22m[39m[31m[1m^[22m[39
m[31m[1m^[22m[39m[31m[1m^[22m[39m[31m[1m^[22m[39m[31m[
1m^[22m[39m[31m[1m^[22m[39m[31m[1m^[22m[39m[31m[1m^[22m
[39m[31m[1m^[22m[39m[31m[1m^[22m[39m[31m[1m^[22m[39m[3
1m[1m^[22m[39m[31m[1m^[22m[39m[31m[1m^[22m[39m[31m[1m^
[22m[39m[31m[1m^[22m[39m[31m[1m^[22m[39m[31m[1m^[22m[39
m[31m[1m^[22m[39m[31m[1m^[22m[39m[31m[1m^[22m[39m[31m[
1m^[22m[39m[31m[1m^[22m[39m
 [90m 10 |[39m [36mimport[39m { toast } [36mfrom[39m 
[32m"sonner"[39m[33m;[39m
 [90m 11 |[39m [36mimport[39m { motion } [36mfrom[39m 
[32m"framer-motion"[39m[33m;[39m
 [90m 12 |[39m [36mimport[39m { useSession } [36mfrom[39m 
[32m"next-auth/react"[39m[33m;[39m[0m

The export getMockDriveStatus was not found in module 
[project]/src/app/actions/mock-drive.ts [app-client] (ecmascript).
Did you mean to import getActiveMockSession?
All exports of the module are statically known (It doesn't have 
dynamic exports). So it's known statically that the requested 
export doesn't exist.

Import traces:
  Client Component Browser:
    ./src/app/(tcs)/tcs-portal/mock-drive/intro/page.tsx [Client 
Component Browser]
    ./src/app/(tcs)/tcs-portal/mock-drive/intro/page.tsx [Server 
Component]

  Client Component SSR:
    ./src/app/(tcs)/tcs-portal/mock-drive/intro/page.tsx [Client 
Component SSR]
    ./src/app/(tcs)/tcs-portal/mock-drive/intro/page.tsx [Server 
Component]


./src/app/(tcs)/tcs-portal/mock-drive/intro/page.tsx:9:1
Export getMockDriveStatus doesn't exist in target module
[0m [90m  7 |[39m [36mimport[39m { [33mBadge[39m } 
[36mfrom[39m [32m"@/components/ui/badge"[39m[33m;[39m
 [90m  8 |[39m [36mimport[39m { 
[33mCheckCircle2[39m[33m,[39m [33mClock[39m[33m,[39m 
[33mPlay[39m[33m,[39m [33mZap[39m[33m,[39m 
[33mBrainCircuit[39m[33m,[39m [33mUserCircle2[39m[33m,[39m 
[33mChevronRight[39m[33m,[39m [33mLockOpen[39m[33m,[39m 
[33mSparkles[39m } [36mfrom[39m 
[32m"lucide-react"[39m[33m;[39m
[31m[1m>[22m[39m[90m  9 |[39m [36mimport[39m { 
createMockDrive[33m,[39m getMockDriveStatus } [36mfrom[39m 
[32m"@/app/actions/mock-drive"[39m[33m;[39m
 [90m    |[39m [31m[1m^[22m[39m[31m[1m^[22m[39m[31m[1m^
[22m[39m[31m[1m^[22m[39m[31m[1m^[22m[39m[31m[1m^[22m[39
m[31m[1m^[22m[39m[31m[1m^[22m[39m[31m[1m^[22m[39m[31m[
1m^[22m[39m[31m[1m^[22m[39m[31m[1m^[22m[39m[31m[1m^[22m
[39m[31m[1m^[22m[39m[31m[1m^[22m[39m[31m[1m^[22m[39m[3
1m[1m^[22m[39m[31m[1m^[22m[39m[31m[1m^[22m[39m[31m[1m^
[22m[39m[31m[1m^[22m[39m[31m[1m^[22m[39m[31m[1m^[22m[39
m[31m[1m^[22m[39m[31m[1m^[22m[39m[31m[1m^[22m[39m[31m[
1m^[22m[39m[31m[1m^[22m[39m[31m[1m^[22m[39m[31m[1m^[22m
[39m[31m[1m^[22m[39m[31m[1m^[22m[39m[31m[1m^[22m[39m[3
1m[1m^[22m[39m[31m[1m^[22m[39m[31m[1m^[22m[39m[31m[1m^
[22m[39m[31m[1m^[22m[39m[31m[1m^[22m[39m[31m[1m^[22m[39
m[31m[1m^[22m[39m[31m[1m^[22m[39m[31m[1m^[22m[39m[31m[
1m^[22m[39m[31m[1m^[22m[39m[31m[1m^[22m[39m[31m[1m^[22m
[39m[31m[1m^[22m[39m[31m[1m^[22m[39m[31m[1m^[22m[39m[3
1m[1m^[22m[39m[31m[1m^[22m[39m[31m[1m^[22m[39m[31m[1m^
[22m[39m[31m[1m^[22m[39m[31m[1m^[22m[39m[31m[1m^[22m[39
m[31m[1m^[22m[39m[31m[1m^[22m[39m[31m[1m^[22m[39m[31m[
1m^[22m[39m[31m[1m^[22m[39m[31m[1m^[22m[39m[31m[1m^[22m
[39m[31m[1m^[22m[39m[31m[1m^[22m[39m[31m[1m^[22m[39m[3
1m[1m^[22m[39m[31m[1m^[22m[39m[31m[1m^[22m[39m[31m[1m^
[22m[39m[31m[1m^[22m[39m[31m[1m^[22m[39m[31m[1m^[22m[39
m[31m[1m^[22m[39m[31m[1m^[22m[39m[31m[1m^[22m[39m[31m[
1m^[22m[39m[31m[1m^[22m[39m
 [90m 10 |[39m [36mimport[39m { toast } [36mfrom[39m 
[32m"sonner"[39m[33m;[39m
 [90m 11 |[39m [36mimport[39m { motion } [36mfrom[39m 
[32m"framer-motion"[39m[33m;[39m
 [90m 12 |[39m [36mimport[39m { useSession } [36mfrom[39m 
[32m"next-auth/react"[39m[33m;[39m[0m

The export getMockDriveStatus was not found in module 
[project]/src/app/actions/mock-drive.ts [app-ssr] (ecmascript).
Did you mean to import getActiveMockSession?
All exports of the module are statically known (It doesn't have 
dynamic exports). So it's known statically that the requested 
export doesn't exist.

Import traces:
  Client Component Browser:
    ./src/app/(tcs)/tcs-portal/mock-drive/intro/page.tsx [Client 
Component Browser]
    ./src/app/(tcs)/tcs-portal/mock-drive/intro/page.tsx [Server 
Component]

  Client Component SSR:
    ./src/app/(tcs)/tcs-portal/mock-drive/intro/page.tsx [Client 
Component SSR]
    ./src/app/(tcs)/tcs-portal/mock-drive/intro/page.tsx [Server 
Component]


./src/components/placement/eligibility-modal.tsx:11:1
Export updateAcademicDetails doesn't exist in target module
[0m [90m  9 |[39m [36mimport[39m { [33mSpinner[39m } 
[36mfrom[39m [32m"@/components/ui/loader"[39m[33m;[39m
 [90m 10 |[39m [36mimport[39m { toast } [36mfrom[39m 
[32m"sonner"[39m[33m;[39m
[31m[1m>[22m[39m[90m 11 |[39m [36mimport[39m { 
updateAcademicDetails } [36mfrom[39m 
[32m"@/app/actions/placement"[39m[33m;[39m
 [90m    |[39m [31m[1m^[22m[39m[31m[1m^[22m[39m[31m[1m^
[22m[39m[31m[1m^[22m[39m[31m[1m^[22m[39m[31m[1m^[22m[39
m[31m[1m^[22m[39m[31m[1m^[22m[39m[31m[1m^[22m[39m[31m[
1m^[22m[39m[31m[1m^[22m[39m[31m[1m^[22m[39m[31m[1m^[22m
[39m[31m[1m^[22m[39m[31m[1m^[22m[39m[31m[1m^[22m[39m[3
1m[1m^[22m[39m[31m[1m^[22m[39m[31m[1m^[22m[39m[31m[1m^
[22m[39m[31m[1m^[22m[39m[31m[1m^[22m[39m[31m[1m^[22m[39
m[31m[1m^[22m[39m[31m[1m^[22m[39m[31m[1m^[22m[39m[31m[
1m^[22m[39m[31m[1m^[22m[39m[31m[1m^[22m[39m[31m[1m^[22m
[39m[31m[1m^[22m[39m[31m[1m^[22m[39m[31m[1m^[22m[39m[3
1m[1m^[22m[39m[31m[1m^[22m[39m[31m[1m^[22m[39m[31m[1m^
[22m[39m[31m[1m^[22m[39m[31m[1m^[22m[39m[31m[1m^[22m[39
m[31m[1m^[22m[39m[31m[1m^[22m[39m[31m[1m^[22m[39m[31m[
1m^[22m[39m[31m[1m^[22m[39m[31m[1m^[22m[39m[31m[1m^[22m
[39m[31m[1m^[22m[39m[31m[1m^[22m[39m[31m[1m^[22m[39m[3
1m[1m^[22m[39m[31m[1m^[22m[39m[31m[1m^[22m[39m[31m[1m^
[22m[39m[31m[1m^[22m[39m[31m[1m^[22m[39m[31m[1m^[22m[39
m[31m[1m^[22m[39m[31m[1m^[22m[39m[31m[1m^[22m[39m[31m[
1m^[22m[39m[31m[1m^[22m[39m[31m[1m^[22m[39m[31m[1m^[22m
[39m
 [90m 12 |[39m [36mimport[39m { [33mAlert[39m[33m,[39m 
[33mAlertDescription[39m[33m,[39m [33mAlertTitle[39m } 
[36mfrom[39m [32m"@/components/ui/alert"[39m[33m;[39m
 [90m 13 |[39m
 [90m 14 |[39m [36minterface[39m 
[33mEligibilityModalProps[39m {[0m

The export updateAcademicDetails was not found in module 
[project]/src/app/actions/placement.ts [app-client] (ecmascript).
Did you mean to import updateApplicationStatus?
All exports of the module are statically known (It doesn't have 
dynamic exports). So it's known statically that the requested 
export doesn't exist.

Import traces:
  Client Component Browser:
    ./src/components/placement/eligibility-modal.tsx [Client 
Component Browser]
    ./src/components/placement/eligibility-wrapper.tsx [Client 
Component Browser]
    ./src/components/placement/eligibility-wrapper.tsx [Server 
Component]
    ./src/app/(wipro)/wipro-portal/page.tsx [Server Component]

  Client Component SSR:
    ./src/components/placement/eligibility-modal.tsx [Client 
Component SSR]
    ./src/components/placement/eligibility-wrapper.tsx [Client 
Component SSR]
    ./src/components/placement/eligibility-wrapper.tsx [Server 
Component]
    ./src/app/(wipro)/wipro-portal/page.tsx [Server Component]


./src/components/placement/eligibility-modal.tsx:11:1
Export updateAcademicDetails doesn't exist in target module
[0m [90m  9 |[39m [36mimport[39m { [33mSpinner[39m } 
[36mfrom[39m [32m"@/components/ui/loader"[39m[33m;[39m
 [90m 10 |[39m [36mimport[39m { toast } [36mfrom[39m 
[32m"sonner"[39m[33m;[39m
[31m[1m>[22m[39m[90m 11 |[39m [36mimport[39m { 
updateAcademicDetails } [36mfrom[39m 
[32m"@/app/actions/placement"[39m[33m;[39m
 [90m    |[39m [31m[1m^[22m[39m[31m[1m^[22m[39m[31m[1m^
[22m[39m[31m[1m^[22m[39m[31m[1m^[22m[39m[31m[1m^[22m[39
m[31m[1m^[22m[39m[31m[1m^[22m[39m[31m[1m^[22m[39m[31m[
1m^[22m[39m[31m[1m^[22m[39m[31m[1m^[22m[39m[31m[1m^[22m
[39m[31m[1m^[22m[39m[31m[1m^[22m[39m[31m[1m^[22m[39m[3
1m[1m^[22m[39m[31m[1m^[22m[39m[31m[1m^[22m[39m[31m[1m^
[22m[39m[31m[1m^[22m[39m[31m[1m^[22m[39m[31m[1m^[22m[39
m[31m[1m^[22m[39m[31m[1m^[22m[39m[31m[1m^[22m[39m[31m[
1m^[22m[39m[31m[1m^[22m[39m[31m[1m^[22m[39m[31m[1m^[22m
[39m[31m[1m^[22m[39m[31m[1m^[22m[39m[31m[1m^[22m[39m[3
1m[1m^[22m[39m[31m[1m^[22m[39m[31m[1m^[22m[39m[31m[1m^
[22m[39m[31m[1m^[22m[39m[31m[1m^[22m[39m[31m[1m^[22m[39
m[31m[1m^[22m[39m[31m[1m^[22m[39m[31m[1m^[22m[39m[31m[
1m^[22m[39m[31m[1m^[22m[39m[31m[1m^[22m[39m[31m[1m^[22m
[39m[31m[1m^[22m[39m[31m[1m^[22m[39m[31m[1m^[22m[39m[3
1m[1m^[22m[39m[31m[1m^[22m[39m[31m[1m^[22m[39m[31m[1m^
[22m[39m[31m[1m^[22m[39m[31m[1m^[22m[39m[31m[1m^[22m[39
m[31m[1m^[22m[39m[31m[1m^[22m[39m[31m[1m^[22m[39m[31m[
1m^[22m[39m[31m[1m^[22m[39m[31m[1m^[22m[39m[31m[1m^[22m
[39m
 [90m 12 |[39m [36mimport[39m { [33mAlert[39m[33m,[39m 
[33mAlertDescription[39m[33m,[39m [33mAlertTitle[39m } 
[36mfrom[39m [32m"@/components/ui/alert"[39m[33m;[39m
 [90m 13 |[39m
 [90m 14 |[39m [36minterface[39m 
[33mEligibilityModalProps[39m {[0m

The export updateAcademicDetails was not found in module 
[project]/src/app/actions/placement.ts [app-ssr] (ecmascript).
Did you mean to import updateApplicationStatus?
All exports of the module are statically known (It doesn't have 
dynamic exports). So it's known statically that the requested 
export doesn't exist.

Import traces:
  Client Component Browser:
    ./src/components/placement/eligibility-modal.tsx [Client 
Component Browser]
    ./src/components/placement/eligibility-wrapper.tsx [Client 
Component Browser]
    ./src/components/placement/eligibility-wrapper.tsx [Server 
Component]
    ./src/app/(wipro)/wipro-portal/page.tsx [Server Component]

  Client Component SSR:
    ./src/components/placement/eligibility-modal.tsx [Client 
Component SSR]
    ./src/components/placement/eligibility-wrapper.tsx [Client 
Component SSR]
    ./src/components/placement/eligibility-wrapper.tsx [Server 
Component]
    ./src/app/(wipro)/wipro-portal/page.tsx [Server Component]


    at <unknown> 
(./src/app/api/mock-drives/session/interview/submit/route.ts:184:59)
    at <unknown> (./src/app/api/migrate/route.ts:2:1)
    at <unknown> (https://nextjs.org/docs/messages/module-not-found)
    at <unknown> (https://nextjs.org/docs/messages/module-not-found)
    at <unknown> 
(./src/app/(tcs)/tcs-portal/mock-drive/intro/page.tsx:9:1)
    at <unknown> 
(./src/app/(tcs)/tcs-portal/mock-drive/intro/page.tsx:9:1)
    at <unknown> 
(./src/app/(wipro)/wipro-portal/mock-drive/intro/page.tsx:10:1)
    at <unknown> 
(./src/app/(wipro)/wipro-portal/mock-drive/intro/page.tsx:10:1)
    at <unknown> 
(./src/app/(tcs)/tcs-portal/mock-drive/intro/page.tsx:9:1)
    at <unknown> 
(./src/app/(tcs)/tcs-portal/mock-drive/intro/page.tsx:9:1)
    at <unknown> 
(./src/components/placement/eligibility-modal.tsx:11:1)
    at <unknown> 
(./src/components/placement/eligibility-modal.tsx:11:1)
