Γû▓ Next.js 16.1.1 (Turbopack)
- Environments: .env
- Experiments (use with caution):
  ┬╖ serverActions

node.exe : ΓÜá The "middleware" file convention is deprecated. 
Please use "proxy" instead. Learn more: 
https://nextjs.org/docs/messages/middleware-to-proxy
At C:\Users\sujal\AppData\Roaming\npm\npx.ps1:24 char:5
+     & "node$exe"  "$basedir/node_modules/npm/bin/npx-cli.js" 
$args
+     
~~~~~~~~~~~~~~~~~~~~~~~~~~~~~~~~~~~~~~~~~~~~~~~~~~~~~~~~~~~~~~
    + CategoryInfo          : NotSpecified: (ΓÜá The "middle...l 
   eware-to-proxy:String) [], RemoteException
    + FullyQualifiedErrorId : NativeCommandError
 
  Creating an optimized production build ...
Γ£ô Compiled successfully in 2.1min
  Running TypeScript ...
Failed to compile.

.next/dev/types/routes.d.ts:242:5
Type error: Declaration or statement expected.

[0m [90m 240 |[39m   }
 [90m 241 |[39m }
[31m[1m>[22m[39m[90m 242 |[39m  id })
 [90m     |[39m     [31m[1m^[22m[39m
 [90m 243 |[39m    [33m*[39m }
 [90m 244 |[39m    [33m*[39m [32m``[39m[32m`[39m
 [90m 245 |[39m [32m   */[39m[0m
Next.js build worker exited with code: 1 and signal: null
