src/app/(tcs)/layout.tsx(18,38): error TS2339: Property 'candidateId' does not exist on type 'DocumentData | { id: string; userId: string; company: string; status: string; currentStage: string; createdAt: Timestamp; updatedAt: Timestamp; }'.
  Property 'candidateId' does not exist on type '{ id: string; userId: string; company: string; status: string; currentStage: string; createdAt: Timestamp; updatedAt: Timestamp; }'.
src/app/(tcs)/layout.tsx(19,28): error TS2339: Property 'name' does not exist on type '{ id: string; }'.
src/app/(tcs)/layout.tsx(20,29): error TS2339: Property 'image' does not exist on type '{ id: string; }'.
src/app/(tcs)/tcs-portal/page.tsx(7,28): error TS2339: Property 'name' does not exist on type '{ id: string; }'.
src/app/(wipro)/wipro-portal/page.tsx(16,28): error TS2339: Property 'name' does not exist on type '{ id: string; }'.
src/app/(wipro)/wipro-portal/page.tsx(42,52): error TS2339: Property 'tenthPercentage' does not exist on type '{ id: string; }'.
src/app/(wipro)/wipro-portal/page.tsx(43,54): error TS2339: Property 'twelfthPercentage' does not exist on type '{ id: string; }'.
src/app/(wipro)/wipro-portal/page.tsx(44,51): error TS2339: Property 'graduationCGPA' does not exist on type '{ id: string; }'.
src/app/(wipro)/wipro-portal/page.tsx(45,45): error TS2339: Property 'backlogs' does not exist on type '{ id: string; }'.
src/app/api/mock-drives/session/interview/submit/route.ts(42,13): error TS2322: Type 'DocumentSnapshot<DocumentData, DocumentData>' is not assignable to type 'QueryDocumentSnapshot<DocumentData, DocumentData>'.
  Types of property 'createTime' are incompatible.
    Type 'Timestamp | undefined' is not assignable to type 'Timestamp'.
      Type 'undefined' is not assignable to type 'Timestamp'.
src/app/api/tests/route.ts(59,48): error TS7006: Parameter 'doc' implicitly has an 'any' type.
src/app/api/tests/route.ts(137,39): error TS7006: Parameter 'opt' implicitly has an 'any' type.
src/app/exam/[id]/eligibility/eligibility-client.tsx(10,10): error TS2305: Module '"@/app/actions/eligibility"' has no exported member 'saveEligibility'.
